// Jest Snapshot v1, https://goo.gl/fbAQLP

exports[`countertop generateTributaryMaps should not create tributary maps of streams with different sources 1`] = `
Array [
  Map {
    "foo" => Object {
      "mouth": 0,
      "source": 0,
      "tributaryMap": Map {},
    },
    "bar" => Object {
      "mouth": 1,
      "source": 0,
      "tributaryMap": Map {
        "foo" => Object {
          "mouth": 0,
          "source": 0,
          "tributaryMap": Map {},
        },
      },
    },
  },
]
`;
