// Jest Snapshot v1, https://goo.gl/fbAQLP

exports[`Payload byteSerialize should properly should serialize data with a fully populated object 1`] = `
Object {
  "data": Array [
    46,
    73,
    32,
    97,
    116,
    101,
    32,
    97,
    108,
    108,
    32,
    111,
    102,
    32,
    116,
    104,
    101,
    32,
    99,
    104,
    101,
    101,
    115,
    101,
    20,
    67,
    79,
    78,
    70,
    69,
    83,
    83,
    73,
    79,
    78,
    48,
    50,
    48,
    50,
    48,
    45,
    48,
    50,
    45,
    48,
    50,
    84,
    48,
    51,
    58,
    48,
    52,
    58,
    48,
    53,
    46,
    48,
    48,
    48,
    90,
    48,
    50,
    48,
    50,
    48,
    45,
    48,
    50,
    45,
    48,
    50,
    84,
    48,
    51,
    58,
    48,
    52,
    58,
    48,
    49,
    46,
    48,
    48,
    48,
    90,
    208,
    15,
    192,
    169,
    7,
  ],
  "type": "Buffer",
}
`;

exports[`Payload serialize should properly should serialize data with a fully populated object 1`] = `"{\\"data\\":{\\"type\\":\\"Buffer\\",\\"data\\":[73,32,97,116,101,32,97,108,108,32,111,102,32,116,104,101,32,99,104,101,101,115,101]},\\"type\\":\\"CONFESSION\\",\\"createdAt\\":\\"2020-02-02T03:04:05.000Z\\",\\"origin\\":\\"2020-02-02T03:04:01.000Z\\",\\"duration\\":1000,\\"position\\":60000}"`;
